// Jest Snapshot v1, https://goo.gl/fbAQLP

exports[`Calculator renders as expeced 1`] = `
<Provider
  store={
    Object {
      "dispatch": [Function],
      "getState": [Function],
      "replaceReducer": [Function],
      "subscribe": [Function],
      Symbol(observable): [Function],
    }
  }
>
  <Calculator>
    <div
      className="calculator"
    >
      <Connect(Display)>
        <Display
          dispatch={[Function]}
          value={0}
        >
          <div
            className="display"
          >
            0
          </div>
        </Display>
      </Connect(Display)>
      <Connect(KeyPad)>
        <KeyPad
          clear={[Function]}
          currentOperation="UNKNOWN"
          error={[Function]}
          input={[Function]}
          operation={[Function]}
          point={[Function]}
        >
          <div
            className="keyPad"
          >
            <div
              className="operationKeys"
            >
              <Key
                onClick={[Function]}
                value="C"
              >
                <button
                  className=""
                  onClick={[Function]}
                >
                  C
                </button>
              </Key>
              <Key
                onClick={[Function]}
                value="+/-"
              >
                <button
                  className=""
                  onClick={[Function]}
                >
                  +/-
                </button>
              </Key>
              <Key
                onClick={[Function]}
                value="%"
              >
                <button
                  className=""
                  onClick={[Function]}
                >
                  %
                </button>
              </Key>
            </div>
            <div
              className="numberKeys"
            >
              <Key
                onClick={[Function]}
                value="0"
              >
                <button
                  className=""
                  onClick={[Function]}
                >
                  0
                </button>
              </Key>
              <Key
                onClick={[Function]}
                value="."
              >
                <button
                  className=""
                  onClick={[Function]}
                >
                  .
                </button>
              </Key>
              <Key
                onClick={[Function]}
                value="1"
              >
                <button
                  className=""
                  onClick={[Function]}
                >
                  1
                </button>
              </Key>
              <Key
                onClick={[Function]}
                value="2"
              >
                <button
                  className=""
                  onClick={[Function]}
                >
                  2
                </button>
              </Key>
              <Key
                onClick={[Function]}
                value="3"
              >
                <button
                  className=""
                  onClick={[Function]}
                >
                  3
                </button>
              </Key>
              <Key
                onClick={[Function]}
                value="4"
              >
                <button
                  className=""
                  onClick={[Function]}
                >
                  4
                </button>
              </Key>
              <Key
                onClick={[Function]}
                value="5"
              >
                <button
                  className=""
                  onClick={[Function]}
                >
                  5
                </button>
              </Key>
              <Key
                onClick={[Function]}
                value="6"
              >
                <button
                  className=""
                  onClick={[Function]}
                >
                  6
                </button>
              </Key>
              <Key
                onClick={[Function]}
                value="7"
              >
                <button
                  className=""
                  onClick={[Function]}
                >
                  7
                </button>
              </Key>
              <Key
                onClick={[Function]}
                value="8"
              >
                <button
                  className=""
                  onClick={[Function]}
                >
                  8
                </button>
              </Key>
              <Key
                onClick={[Function]}
                value="9"
              >
                <button
                  className=""
                  onClick={[Function]}
                >
                  9
                </button>
              </Key>
            </div>
            <div
              className="arthmaticOperationKeys"
            >
              <Key
                isActive={false}
                onClick={[Function]}
                value="รท"
              >
                <button
                  className=""
                  onClick={[Function]}
                >
                  รท
                </button>
              </Key>
              <Key
                isActive={false}
                onClick={[Function]}
                value="X"
              >
                <button
                  className=""
                  onClick={[Function]}
                >
                  X
                </button>
              </Key>
              <Key
                isActive={false}
                onClick={[Function]}
                value="-"
              >
                <button
                  className=""
                  onClick={[Function]}
                >
                  -
                </button>
              </Key>
              <Key
                isActive={false}
                onClick={[Function]}
                value="+"
              >
                <button
                  className=""
                  onClick={[Function]}
                >
                  +
                </button>
              </Key>
              <Key
                isActive={false}
                onClick={[Function]}
                value="="
              >
                <button
                  className=""
                  onClick={[Function]}
                >
                  =
                </button>
              </Key>
            </div>
          </div>
        </KeyPad>
      </Connect(KeyPad)>
    </div>
  </Calculator>
</Provider>
`;
