// Jest Snapshot v1, https://goo.gl/fbAQLP

exports[`key pad component renders as expected 1`] = `
<KeyPad
  clear={[Function]}
  error={[Function]}
  input={[Function]}
  operation={[Function]}
  point={[Function]}
>
  <div
    className="d-flex"
  >
    <div>
      <div
        className="d-flex"
      >
        <Key
          onClick={[Function]}
          value="C"
        >
          <button
            className="btn btn-outline-secondary btn-lg"
            onClick={[Function]}
          >
            C
          </button>
        </Key>
        <Key
          onClick={[Function]}
          value="+/-"
        >
          <button
            className="btn btn-outline-secondary btn-lg"
            onClick={[Function]}
          >
            +/-
          </button>
        </Key>
        <Key
          onClick={[Function]}
          value="%"
        >
          <button
            className="btn btn-outline-secondary btn-lg"
            onClick={[Function]}
          >
            %
          </button>
        </Key>
      </div>
      <div
        className="d-flex flex-wrap-reverse"
      >
        <Key
          className="number-key-0"
          onClick={[Function]}
          value="0"
        >
          <button
            className="btn btn-outline-secondary btn-lg number-key-0"
            onClick={[Function]}
          >
            0
          </button>
        </Key>
        <Key
          className="number-key-."
          onClick={[Function]}
          value="."
        >
          <button
            className="btn btn-outline-secondary btn-lg number-key-."
            onClick={[Function]}
          >
            .
          </button>
        </Key>
        <Key
          className="number-key-1"
          onClick={[Function]}
          value="1"
        >
          <button
            className="btn btn-outline-secondary btn-lg number-key-1"
            onClick={[Function]}
          >
            1
          </button>
        </Key>
        <Key
          className="number-key-2"
          onClick={[Function]}
          value="2"
        >
          <button
            className="btn btn-outline-secondary btn-lg number-key-2"
            onClick={[Function]}
          >
            2
          </button>
        </Key>
        <Key
          className="number-key-3"
          onClick={[Function]}
          value="3"
        >
          <button
            className="btn btn-outline-secondary btn-lg number-key-3"
            onClick={[Function]}
          >
            3
          </button>
        </Key>
        <Key
          className="number-key-4"
          onClick={[Function]}
          value="4"
        >
          <button
            className="btn btn-outline-secondary btn-lg number-key-4"
            onClick={[Function]}
          >
            4
          </button>
        </Key>
        <Key
          className="number-key-5"
          onClick={[Function]}
          value="5"
        >
          <button
            className="btn btn-outline-secondary btn-lg number-key-5"
            onClick={[Function]}
          >
            5
          </button>
        </Key>
        <Key
          className="number-key-6"
          onClick={[Function]}
          value="6"
        >
          <button
            className="btn btn-outline-secondary btn-lg number-key-6"
            onClick={[Function]}
          >
            6
          </button>
        </Key>
        <Key
          className="number-key-7"
          onClick={[Function]}
          value="7"
        >
          <button
            className="btn btn-outline-secondary btn-lg number-key-7"
            onClick={[Function]}
          >
            7
          </button>
        </Key>
        <Key
          className="number-key-8"
          onClick={[Function]}
          value="8"
        >
          <button
            className="btn btn-outline-secondary btn-lg number-key-8"
            onClick={[Function]}
          >
            8
          </button>
        </Key>
        <Key
          className="number-key-9"
          onClick={[Function]}
          value="9"
        >
          <button
            className="btn btn-outline-secondary btn-lg number-key-9"
            onClick={[Function]}
          >
            9
          </button>
        </Key>
      </div>
    </div>
    <div
      className="d-flex flex-column"
    >
      <Key
        isActive={false}
        onClick={[Function]}
        value="รท"
      >
        <button
          className="btn btn-outline-secondary btn-lg"
          onClick={[Function]}
        >
          รท
        </button>
      </Key>
      <Key
        isActive={false}
        onClick={[Function]}
        value="X"
      >
        <button
          className="btn btn-outline-secondary btn-lg"
          onClick={[Function]}
        >
          X
        </button>
      </Key>
      <Key
        isActive={false}
        onClick={[Function]}
        value="-"
      >
        <button
          className="btn btn-outline-secondary btn-lg"
          onClick={[Function]}
        >
          -
        </button>
      </Key>
      <Key
        isActive={false}
        onClick={[Function]}
        value="+"
      >
        <button
          className="btn btn-outline-secondary btn-lg"
          onClick={[Function]}
        >
          +
        </button>
      </Key>
      <Key
        isActive={false}
        onClick={[Function]}
        value="="
      >
        <button
          className="btn btn-outline-secondary btn-lg"
          onClick={[Function]}
        >
          =
        </button>
      </Key>
    </div>
  </div>
</KeyPad>
`;
